Archive member included to satisfy reference by file (symbol)

/opt/arm-none-eabi/gcc-arm-none-eabi-9-2019-q4-major/bin/../lib/gcc/arm-none-eabi/9.2.1/../../../../arm-none-eabi/lib/thumb/v7-m/nofp/libc_nano.a(lib_a-exit.o)
                              /opt/arm-none-eabi/gcc-arm-none-eabi-9-2019-q4-major/bin/../lib/gcc/arm-none-eabi/9.2.1/../../../../arm-none-eabi/lib/thumb/v7-m/nofp/crt0.o (exit)
/opt/arm-none-eabi/gcc-arm-none-eabi-9-2019-q4-major/bin/../lib/gcc/arm-none-eabi/9.2.1/../../../../arm-none-eabi/lib/thumb/v7-m/nofp/libc_nano.a(lib_a-impure.o)
                              /opt/arm-none-eabi/gcc-arm-none-eabi-9-2019-q4-major/bin/../lib/gcc/arm-none-eabi/9.2.1/../../../../arm-none-eabi/lib/thumb/v7-m/nofp/libc_nano.a(lib_a-exit.o) (_global_impure_ptr)
/opt/arm-none-eabi/gcc-arm-none-eabi-9-2019-q4-major/bin/../lib/gcc/arm-none-eabi/9.2.1/../../../../arm-none-eabi/lib/thumb/v7-m/nofp/libc_nano.a(lib_a-init.o)
                              /opt/arm-none-eabi/gcc-arm-none-eabi-9-2019-q4-major/bin/../lib/gcc/arm-none-eabi/9.2.1/../../../../arm-none-eabi/lib/thumb/v7-m/nofp/crt0.o (__libc_init_array)
/opt/arm-none-eabi/gcc-arm-none-eabi-9-2019-q4-major/bin/../lib/gcc/arm-none-eabi/9.2.1/../../../../arm-none-eabi/lib/thumb/v7-m/nofp/libc_nano.a(lib_a-memcpy-stub.o)
                              build/queue.o (memcpy)
/opt/arm-none-eabi/gcc-arm-none-eabi-9-2019-q4-major/bin/../lib/gcc/arm-none-eabi/9.2.1/../../../../arm-none-eabi/lib/thumb/v7-m/nofp/libc_nano.a(lib_a-memset.o)
                              /opt/arm-none-eabi/gcc-arm-none-eabi-9-2019-q4-major/bin/../lib/gcc/arm-none-eabi/9.2.1/../../../../arm-none-eabi/lib/thumb/v7-m/nofp/crt0.o (memset)
/opt/arm-none-eabi/gcc-arm-none-eabi-9-2019-q4-major/bin/../lib/gcc/arm-none-eabi/9.2.1/../../../../arm-none-eabi/lib/thumb/v7-m/nofp/libnosys.a(_exit.o)
                              /opt/arm-none-eabi/gcc-arm-none-eabi-9-2019-q4-major/bin/../lib/gcc/arm-none-eabi/9.2.1/../../../../arm-none-eabi/lib/thumb/v7-m/nofp/libc_nano.a(lib_a-exit.o) (_exit)

Allocating common symbols
Common symbol       size              file

defaultTaskHandle   0x4               build/main.o
uwTick              0x4               build/stm32f1xx_hal.o
xQueueRegistry      0x40              build/queue.o
pFlash              0x20              build/stm32f1xx_hal_flash.o

Discarded input sections

 .text          0x0000000000000000        0x0 /opt/arm-none-eabi/gcc-arm-none-eabi-9-2019-q4-major/bin/../lib/gcc/arm-none-eabi/9.2.1/thumb/v7-m/nofp/crti.o
 .data          0x0000000000000000        0x0 /opt/arm-none-eabi/gcc-arm-none-eabi-9-2019-q4-major/bin/../lib/gcc/arm-none-eabi/9.2.1/thumb/v7-m/nofp/crti.o
 .bss           0x0000000000000000        0x0 /opt/arm-none-eabi/gcc-arm-none-eabi-9-2019-q4-major/bin/../lib/gcc/arm-none-eabi/9.2.1/thumb/v7-m/nofp/crti.o
 .data          0x0000000000000000        0x4 /opt/arm-none-eabi/gcc-arm-none-eabi-9-2019-q4-major/bin/../lib/gcc/arm-none-eabi/9.2.1/thumb/v7-m/nofp/crtbegin.o
 .text          0x0000000000000000       0x74 /opt/arm-none-eabi/gcc-arm-none-eabi-9-2019-q4-major/bin/../lib/gcc/arm-none-eabi/9.2.1/../../../../arm-none-eabi/lib/thumb/v7-m/nofp/crt0.o
 .data          0x0000000000000000        0x0 /opt/arm-none-eabi/gcc-arm-none-eabi-9-2019-q4-major/bin/../lib/gcc/arm-none-eabi/9.2.1/../../../../arm-none-eabi/lib/thumb/v7-m/nofp/crt0.o
 .bss           0x0000000000000000        0x0 /opt/arm-none-eabi/gcc-arm-none-eabi-9-2019-q4-major/bin/../lib/gcc/arm-none-eabi/9.2.1/../../../../arm-none-eabi/lib/thumb/v7-m/nofp/crt0.o
 .ARM.extab     0x0000000000000000        0x0 /opt/arm-none-eabi/gcc-arm-none-eabi-9-2019-q4-major/bin/../lib/gcc/arm-none-eabi/9.2.1/../../../../arm-none-eabi/lib/thumb/v7-m/nofp/crt0.o
 .ARM.exidx     0x0000000000000000        0x8 /opt/arm-none-eabi/gcc-arm-none-eabi-9-2019-q4-major/bin/../lib/gcc/arm-none-eabi/9.2.1/../../../../arm-none-eabi/lib/thumb/v7-m/nofp/crt0.o
 .ARM.attributes
                0x0000000000000000       0x1b /opt/arm-none-eabi/gcc-arm-none-eabi-9-2019-q4-major/bin/../lib/gcc/arm-none-eabi/9.2.1/../../../../arm-none-eabi/lib/thumb/v7-m/nofp/crt0.o
 .text          0x0000000000000000        0x0 build/main.o
 .data          0x0000000000000000        0x0 build/main.o
 .bss           0x0000000000000000        0x0 build/main.o
 .text.Error_Handler
                0x0000000000000000        0x2 build/main.o
 .text          0x0000000000000000        0x0 build/freertos.o
 .data          0x0000000000000000        0x0 build/freertos.o
 .bss           0x0000000000000000        0x0 build/freertos.o
 .text          0x0000000000000000        0x0 build/stm32f1xx_it.o
 .data          0x0000000000000000        0x0 build/stm32f1xx_it.o
 .bss           0x0000000000000000        0x0 build/stm32f1xx_it.o
 .text          0x0000000000000000        0x0 build/stm32f1xx_hal_msp.o
 .data          0x0000000000000000        0x0 build/stm32f1xx_hal_msp.o
 .bss           0x0000000000000000        0x0 build/stm32f1xx_hal_msp.o
[...]
Memory Configuration

Name             Origin             Length             Attributes
RAM              0x0000000020000000 0x0000000000005000 xrw
FLASH            0x0000000008000000 0x0000000000010000 xr
*default*        0x0000000000000000 0xffffffffffffffff

Linker script and memory map

LOAD /opt/arm-none-eabi/gcc-arm-none-eabi-9-2019-q4-major/bin/../lib/gcc/arm-none-eabi/9.2.1/thumb/v7-m/nofp/crti.o
LOAD /opt/arm-none-eabi/gcc-arm-none-eabi-9-2019-q4-major/bin/../lib/gcc/arm-none-eabi/9.2.1/thumb/v7-m/nofp/crtbegin.o
LOAD /opt/arm-none-eabi/gcc-arm-none-eabi-9-2019-q4-major/bin/../lib/gcc/arm-none-eabi/9.2.1/../../../../arm-none-eabi/lib/thumb/v7-m/nofp/crt0.o
LOAD build/main.o
LOAD build/freertos.o
LOAD build/stm32f1xx_it.o
LOAD build/stm32f1xx_hal_msp.o
LOAD build/stm32f1xx_hal_gpio_ex.o
LOAD build/stm32f1xx_hal.o
LOAD build/stm32f1xx_hal_rcc.o
LOAD build/stm32f1xx_hal_rcc_ex.o
LOAD build/stm32f1xx_hal_gpio.o
LOAD build/stm32f1xx_hal_dma.o
LOAD build/stm32f1xx_hal_cortex.o
LOAD build/stm32f1xx_hal_pwr.o
LOAD build/stm32f1xx_hal_flash.o
LOAD build/stm32f1xx_hal_flash_ex.o
LOAD build/stm32f1xx_hal_exti.o
LOAD build/stm32f1xx_hal_tim.o
LOAD build/stm32f1xx_hal_tim_ex.o
LOAD build/system_stm32f1xx.o
LOAD build/croutine.o
LOAD build/event_groups.o
LOAD build/list.o
LOAD build/queue.o
LOAD build/stream_buffer.o
LOAD build/tasks.o
LOAD build/timers.o
LOAD build/cmsis_os.o
LOAD build/heap_4.o
LOAD build/port.o
LOAD build/startup_stm32f103xb.o
LOAD /opt/arm-none-eabi/gcc-arm-none-eabi-9-2019-q4-major/bin/../lib/gcc/arm-none-eabi/9.2.1/../../../../arm-none-eabi/lib/thumb/v7-m/nofp/libc_nano.a
LOAD /opt/arm-none-eabi/gcc-arm-none-eabi-9-2019-q4-major/bin/../lib/gcc/arm-none-eabi/9.2.1/../../../../arm-none-eabi/lib/thumb/v7-m/nofp/libm.a
LOAD /opt/arm-none-eabi/gcc-arm-none-eabi-9-2019-q4-major/bin/../lib/gcc/arm-none-eabi/9.2.1/../../../../arm-none-eabi/lib/thumb/v7-m/nofp/libnosys.a
START GROUP
LOAD /opt/arm-none-eabi/gcc-arm-none-eabi-9-2019-q4-major/bin/../lib/gcc/arm-none-eabi/9.2.1/thumb/v7-m/nofp/libgcc.a
LOAD /opt/arm-none-eabi/gcc-arm-none-eabi-9-2019-q4-major/bin/../lib/gcc/arm-none-eabi/9.2.1/../../../../arm-none-eabi/lib/thumb/v7-m/nofp/libc_nano.a
END GROUP
START GROUP
LOAD /opt/arm-none-eabi/gcc-arm-none-eabi-9-2019-q4-major/bin/../lib/gcc/arm-none-eabi/9.2.1/thumb/v7-m/nofp/libgcc.a
LOAD /opt/arm-none-eabi/gcc-arm-none-eabi-9-2019-q4-major/bin/../lib/gcc/arm-none-eabi/9.2.1/../../../../arm-none-eabi/lib/thumb/v7-m/nofp/libc_nano.a
END GROUP
LOAD /opt/arm-none-eabi/gcc-arm-none-eabi-9-2019-q4-major/bin/../lib/gcc/arm-none-eabi/9.2.1/thumb/v7-m/nofp/crtend.o
LOAD /opt/arm-none-eabi/gcc-arm-none-eabi-9-2019-q4-major/bin/../lib/gcc/arm-none-eabi/9.2.1/thumb/v7-m/nofp/crtn.o
                0x0000000020005000                _estack = 0x20005000
                0x0000000000000200                _Min_Heap_Size = 0x200
                0x0000000000000400                _Min_Stack_Size = 0x400

.isr_vector     0x0000000008000000      0x10c
                0x0000000008000000                . = ALIGN (0x4)
 *(.isr_vector)
 .isr_vector    0x0000000008000000      0x10c build/startup_stm32f103xb.o
                0x0000000008000000                g_pfnVectors
                0x000000000800010c                . = ALIGN (0x4)

.text           0x0000000008000110     0x199c
                0x0000000008000110                . = ALIGN (0x4)
 *(.text)
 .text          0x0000000008000110       0x40 /opt/arm-none-eabi/gcc-arm-none-eabi-9-2019-q4-major/bin/../lib/gcc/arm-none-eabi/9.2.1/thumb/v7-m/nofp/crtbegin.o
 *(.text*)
 .text.MX_GPIO_Init
                0x0000000008000150       0x78 build/main.o
 .text.StartDefaultTask
                0x00000000080001c8        0xa build/main.o
                0x00000000080001c8                StartDefaultTask
 .text.SystemClock_Config
                0x00000000080001d2       0x52 build/main.o
                0x00000000080001d2                SystemClock_Config
 .text.main     0x0000000008000224       0x3c build/main.o
                0x0000000008000224                main
 .text.vApplicationGetIdleTaskMemory
                0x0000000008000260       0x18 build/freertos.o
                0x0000000008000260                vApplicationGetIdleTaskMemory
 .text.NMI_Handler
                0x0000000008000278        0x2 build/stm32f1xx_it.o
                0x0000000008000278                NMI_Handler
 .text.HardFault_Handler
                0x000000000800027a        0x2 build/stm32f1xx_it.o
                0x000000000800027a                HardFault_Handler
 .text.MemManage_Handler
                0x000000000800027c        0x2 build/stm32f1xx_it.o
                0x000000000800027c                MemManage_Handler
 .text.BusFault_Handler
                0x000000000800027e        0x2 build/stm32f1xx_it.o
                0x000000000800027e                BusFault_Handler
 .text.UsageFault_Handler
                0x0000000008000280        0x2 build/stm32f1xx_it.o
                0x0000000008000280                UsageFault_Handler
 .text.DebugMon_Handler
                0x0000000008000282        0x2 build/stm32f1xx_it.o
                0x0000000008000282                DebugMon_Handler
 .text.SysTick_Handler
                0x0000000008000284       0x16 build/stm32f1xx_it.o
                0x0000000008000284                SysTick_Handler
 *fill*         0x000000000800029a        0x2 
 .text.HAL_MspInit
                0x000000000800029c       0x54 build/stm32f1xx_hal_msp.o
                0x000000000800029c                HAL_MspInit
 .text.HAL_InitTick
                0x00000000080002f0       0x4c build/stm32f1xx_hal.o
                0x00000000080002f0                HAL_InitTick
 .text.HAL_Init
                0x000000000800033c       0x24 build/stm32f1xx_hal.o
                0x000000000800033c                HAL_Init
 .text.HAL_IncTick
                0x0000000008000360       0x18 build/stm32f1xx_hal.o
                0x0000000008000360                HAL_IncTick
 .text.HAL_GetTick
                0x0000000008000378        0xc build/stm32f1xx_hal.o
                0x0000000008000378                HAL_GetTick
 .text.RCC_Delay
                0x0000000008000384       0x2c build/stm32f1xx_hal_rcc.o
 .text.HAL_RCC_OscConfig
                0x00000000080003b0      0x410 build/stm32f1xx_hal_rcc.o
                0x00000000080003b0                HAL_RCC_OscConfig
 .text.HAL_RCC_GetSysClockFreq
                0x00000000080007c0       0x6c build/stm32f1xx_hal_rcc.o
                0x00000000080007c0                HAL_RCC_GetSysClockFreq
 .text.HAL_RCC_ClockConfig
                0x000000000800082c      0x16c build/stm32f1xx_hal_rcc.o
                0x000000000800082c                HAL_RCC_ClockConfig
 .text.HAL_GPIO_Init
                0x0000000008000998      0x220 build/stm32f1xx_hal_gpio.o
                0x0000000008000998                HAL_GPIO_Init
 .text.HAL_GPIO_WritePin
                0x0000000008000bb8        0xc build/stm32f1xx_hal_gpio.o
                0x0000000008000bb8                HAL_GPIO_WritePin
 .text.HAL_NVIC_SetPriorityGrouping
                0x0000000008000bc4       0x24 build/stm32f1xx_hal_cortex.o
                0x0000000008000bc4                HAL_NVIC_SetPriorityGrouping
 .text.HAL_NVIC_SetPriority
                0x0000000008000be8       0x68 build/stm32f1xx_hal_cortex.o
                0x0000000008000be8                HAL_NVIC_SetPriority
 .text.HAL_SYSTICK_Config
                0x0000000008000c50       0x2c build/stm32f1xx_hal_cortex.o
                0x0000000008000c50                HAL_SYSTICK_Config
 .text.SystemInit
                0x0000000008000c7c       0x4c build/system_stm32f1xx.o
                0x0000000008000c7c                SystemInit
 .text.vListInitialise
                0x0000000008000cc8       0x16 build/list.o
                0x0000000008000cc8                vListInitialise
 .text.vListInitialiseItem
                0x0000000008000cde        0x6 build/list.o
                0x0000000008000cde                vListInitialiseItem
 .text.vListInsertEnd
                0x0000000008000ce4       0x16 build/list.o
                0x0000000008000ce4                vListInsertEnd
 .text.vListInsert
                0x0000000008000cfa       0x32 build/list.o
                0x0000000008000cfa                vListInsert
 .text.uxListRemove
                0x0000000008000d2c       0x26 build/list.o
                0x0000000008000d2c                uxListRemove
 *fill*         0x0000000008000d52        0x2 
 .text.prvResetNextTaskUnblockTime
                0x0000000008000d54       0x2c build/tasks.o
 .text.prvInitialiseNewTask
                0x0000000008000d80       0x88 build/tasks.o
 .text.prvInitialiseTaskLists
                0x0000000008000e08       0x68 build/tasks.o
 .text.prvAddNewTaskToReadyList
                0x0000000008000e70       0xa8 build/tasks.o
 .text.prvDeleteTCB
                0x0000000008000f18       0x38 build/tasks.o
 .text.prvCheckTasksWaitingTermination
                0x0000000008000f50       0x4c build/tasks.o
 .text.prvIdleTask
                0x0000000008000f9c       0x28 build/tasks.o
 .text.prvAddCurrentTaskToDelayedList
                0x0000000008000fc4       0x98 build/tasks.o
 .text.xTaskCreateStatic
                0x000000000800105c       0x72 build/tasks.o
                0x000000000800105c                xTaskCreateStatic
 .text.xTaskCreate
                0x00000000080010ce       0x68 build/tasks.o
                0x00000000080010ce                xTaskCreate
 *fill*         0x0000000008001136        0x2 
 .text.vTaskStartScheduler
                0x0000000008001138       0x6c build/tasks.o
                0x0000000008001138                vTaskStartScheduler
 .text.vTaskSuspendAll
                0x00000000080011a4       0x10 build/tasks.o
                0x00000000080011a4                vTaskSuspendAll
 .text.xTaskIncrementTick
                0x00000000080011b4      0x118 build/tasks.o
                0x00000000080011b4                xTaskIncrementTick
 .text.xTaskResumeAll
                0x00000000080012cc       0xf8 build/tasks.o
                0x00000000080012cc                xTaskResumeAll
 .text.vTaskDelay
                0x00000000080013c4       0x4c build/tasks.o
                0x00000000080013c4                vTaskDelay
 .text.vTaskSwitchContext
                0x0000000008001410       0x98 build/tasks.o
                0x0000000008001410                vTaskSwitchContext
 .text.xTaskGetSchedulerState
                0x00000000080014a8       0x20 build/tasks.o
                0x00000000080014a8                xTaskGetSchedulerState
 .text.makeFreeRtosPriority
                0x00000000080014c8        0xc build/cmsis_os.o
 .text.osKernelStart
                0x00000000080014d4        0xa build/cmsis_os.o
                0x00000000080014d4                osKernelStart
 .text.osThreadCreate
                0x00000000080014de       0x6a build/cmsis_os.o
                0x00000000080014de                osThreadCreate
 .text.osDelay  0x0000000008001548        0xe build/cmsis_os.o
                0x0000000008001548                osDelay
 *fill*         0x0000000008001556        0x2 
 .text.prvHeapInit
                0x0000000008001558       0x64 build/heap_4.o
 .text.prvInsertBlockIntoFreeList
                0x00000000080015bc       0x54 build/heap_4.o
 .text.pvPortMalloc
                0x0000000008001610       0xf0 build/heap_4.o
                0x0000000008001610                pvPortMalloc
 .text.vPortFree
                0x0000000008001700       0x70 build/heap_4.o
                0x0000000008001700                vPortFree
 .text.prvTaskExitError
                0x0000000008001770       0x40 build/port.o
 .text.prvPortStartFirstTask
                0x00000000080017b0       0x20 build/port.o
 .text.pxPortInitialiseStack
                0x00000000080017d0       0x24 build/port.o
                0x00000000080017d0                pxPortInitialiseStack
 *fill*         0x00000000080017f4        0xc 
 .text.SVC_Handler
                0x0000000008001800       0x24 build/port.o
                0x0000000008001800                SVC_Handler
 .text.vPortEnterCritical
                0x0000000008001824       0x44 build/port.o
                0x0000000008001824                vPortEnterCritical
 .text.vPortExitCritical
                0x0000000008001868       0x2c build/port.o
                0x0000000008001868                vPortExitCritical
 *fill*         0x0000000008001894        0xc 
 .text.PendSV_Handler
                0x00000000080018a0       0x44 build/port.o
                0x00000000080018a0                PendSV_Handler
 .text.xPortSysTickHandler
                0x00000000080018e4       0x2c build/port.o
                0x00000000080018e4                xPortSysTickHandler
 .text.vPortSetupTimerInterrupt
                0x0000000008001910       0x38 build/port.o
                0x0000000008001910                vPortSetupTimerInterrupt
 .text.xPortStartScheduler
                0x0000000008001948       0xb8 build/port.o
                0x0000000008001948                xPortStartScheduler
 .text.Reset_Handler
                0x0000000008001a00       0x48 build/startup_stm32f103xb.o
                0x0000000008001a00                Reset_Handler
 .text.Default_Handler
                0x0000000008001a48        0x2 build/startup_stm32f103xb.o
                0x0000000008001a48                RTC_Alarm_IRQHandler
                0x0000000008001a48                EXTI2_IRQHandler
                0x0000000008001a48                TIM1_CC_IRQHandler
                0x0000000008001a48                PVD_IRQHandler
                0x0000000008001a48                EXTI3_IRQHandler
                0x0000000008001a48                EXTI0_IRQHandler
                0x0000000008001a48                I2C2_EV_IRQHandler
                0x0000000008001a48                ADC1_2_IRQHandler
                0x0000000008001a48                SPI1_IRQHandler
                0x0000000008001a48                TAMPER_IRQHandler
                0x0000000008001a48                DMA1_Channel4_IRQHandler
                0x0000000008001a48                USART3_IRQHandler
                0x0000000008001a48                RTC_IRQHandler
                0x0000000008001a48                DMA1_Channel7_IRQHandler
                0x0000000008001a48                CAN1_RX1_IRQHandler
                0x0000000008001a48                TIM4_IRQHandler
                0x0000000008001a48                I2C1_EV_IRQHandler
                0x0000000008001a48                DMA1_Channel6_IRQHandler
                0x0000000008001a48                TIM3_IRQHandler
                0x0000000008001a48                RCC_IRQHandler
                0x0000000008001a48                TIM1_TRG_COM_IRQHandler
                0x0000000008001a48                DMA1_Channel1_IRQHandler
                0x0000000008001a48                Default_Handler
                0x0000000008001a48                EXTI15_10_IRQHandler
                0x0000000008001a48                EXTI9_5_IRQHandler
                0x0000000008001a48                SPI2_IRQHandler
                0x0000000008001a48                DMA1_Channel5_IRQHandler
                0x0000000008001a48                EXTI4_IRQHandler
                0x0000000008001a48                USB_LP_CAN1_RX0_IRQHandler
                0x0000000008001a48                USB_HP_CAN1_TX_IRQHandler
                0x0000000008001a48                DMA1_Channel3_IRQHandler
                0x0000000008001a48                TIM1_UP_IRQHandler
                0x0000000008001a48                WWDG_IRQHandler
                0x0000000008001a48                TIM2_IRQHandler
                0x0000000008001a48                TIM1_BRK_IRQHandler
                0x0000000008001a48                EXTI1_IRQHandler
                0x0000000008001a48                USART2_IRQHandler
                0x0000000008001a48                I2C2_ER_IRQHandler
                0x0000000008001a48                DMA1_Channel2_IRQHandler
                0x0000000008001a48                CAN1_SCE_IRQHandler
                0x0000000008001a48                FLASH_IRQHandler
                0x0000000008001a48                USART1_IRQHandler
                0x0000000008001a48                I2C1_ER_IRQHandler
                0x0000000008001a48                USBWakeUp_IRQHandler
 *fill*         0x0000000008001a4a        0x2 
 .text.__libc_init_array
                0x0000000008001a4c       0x48 /opt/arm-none-eabi/gcc-arm-none-eabi-9-2019-q4-major/bin/../lib/gcc/arm-none-eabi/9.2.1/../../../../arm-none-eabi/lib/thumb/v7-m/nofp/libc_nano.a(lib_a-init.o)
                0x0000000008001a4c                __libc_init_array
 *(.glue_7)
 .glue_7        0x0000000008001a94        0x0 linker stubs
 *(.glue_7t)
 .glue_7t       0x0000000008001a94        0x0 linker stubs
 *(.eh_frame)
 .eh_frame      0x0000000008001a94        0x0 /opt/arm-none-eabi/gcc-arm-none-eabi-9-2019-q4-major/bin/../lib/gcc/arm-none-eabi/9.2.1/thumb/v7-m/nofp/crtbegin.o
 *(.init)
 .init          0x0000000008001a94        0x4 /opt/arm-none-eabi/gcc-arm-none-eabi-9-2019-q4-major/bin/../lib/gcc/arm-none-eabi/9.2.1/thumb/v7-m/nofp/crti.o
                0x0000000008001a94                _init
 .init          0x0000000008001a98        0x8 /opt/arm-none-eabi/gcc-arm-none-eabi-9-2019-q4-major/bin/../lib/gcc/arm-none-eabi/9.2.1/thumb/v7-m/nofp/crtn.o
 *(.fini)
 .fini          0x0000000008001aa0        0x4 /opt/arm-none-eabi/gcc-arm-none-eabi-9-2019-q4-major/bin/../lib/gcc/arm-none-eabi/9.2.1/thumb/v7-m/nofp/crti.o
                0x0000000008001aa0                _fini
 .fini          0x0000000008001aa4        0x8 /opt/arm-none-eabi/gcc-arm-none-eabi-9-2019-q4-major/bin/../lib/gcc/arm-none-eabi/9.2.1/thumb/v7-m/nofp/crtn.o
                0x0000000008001aac                . = ALIGN (0x4)
                0x0000000008001aac                _etext = .

.vfp11_veneer   0x0000000008001aac        0x0
 .vfp11_veneer  0x0000000008001aac        0x0 linker stubs

.v4_bx          0x0000000008001aac        0x0
 .v4_bx         0x0000000008001aac        0x0 linker stubs

.iplt           0x0000000008001aac        0x0
 .iplt          0x0000000008001aac        0x0 /opt/arm-none-eabi/gcc-arm-none-eabi-9-2019-q4-major/bin/../lib/gcc/arm-none-eabi/9.2.1/thumb/v7-m/nofp/crtbegin.o

.rodata         0x0000000008001aac       0x54
                0x0000000008001aac                . = ALIGN (0x4)
 *(.rodata)
 .rodata        0x0000000008001aac       0x1c build/main.o
 *(.rodata*)
 .rodata.str1.4
                0x0000000008001ac8        0xc build/main.o
 .rodata.HAL_RCC_GetSysClockFreq.str1.4
                0x0000000008001ad4       0x11 build/stm32f1xx_hal_rcc.o
 *fill*         0x0000000008001ae5        0x3 
 .rodata.AHBPrescTable
                0x0000000008001ae8       0x10 build/system_stm32f1xx.o
                0x0000000008001ae8                AHBPrescTable
 .rodata.vTaskStartScheduler.str1.4
                0x0000000008001af8        0x5 build/tasks.o
                0x0000000008001b00                . = ALIGN (0x4)
 *fill*         0x0000000008001afd        0x3 

.rel.dyn        0x0000000008001b00        0x0
 .rel.iplt      0x0000000008001b00        0x0 /opt/arm-none-eabi/gcc-arm-none-eabi-9-2019-q4-major/bin/../lib/gcc/arm-none-eabi/9.2.1/thumb/v7-m/nofp/crtbegin.o

.ARM.extab
 *(.ARM.extab* .gnu.linkonce.armextab.*)

.ARM            0x0000000008001b00        0x0
                0x0000000008001b00                __exidx_start = .
 *(.ARM.exidx*)
                0x0000000008001b00                __exidx_end = .

.preinit_array  0x0000000008001b00        0x0
                0x0000000008001b00                PROVIDE (__preinit_array_start = .)
 *(.preinit_array*)
                0x0000000008001b00                PROVIDE (__preinit_array_end = .)

.init_array     0x0000000008001b00        0x4
                0x0000000008001b00                PROVIDE (__init_array_start = .)
 *(SORT_BY_NAME(.init_array.*))
 *(.init_array*)
 .init_array    0x0000000008001b00        0x4 /opt/arm-none-eabi/gcc-arm-none-eabi-9-2019-q4-major/bin/../lib/gcc/arm-none-eabi/9.2.1/thumb/v7-m/nofp/crtbegin.o
                0x0000000008001b04                PROVIDE (__init_array_end = .)

.fini_array     0x0000000008001b04        0x4
                [!provide]                        PROVIDE (__fini_array_start = .)
 *(SORT_BY_NAME(.fini_array.*))
 *(.fini_array*)
 .fini_array    0x0000000008001b04        0x4 /opt/arm-none-eabi/gcc-arm-none-eabi-9-2019-q4-major/bin/../lib/gcc/arm-none-eabi/9.2.1/thumb/v7-m/nofp/crtbegin.o
                [!provide]                        PROVIDE (__fini_array_end = .)
                0x0000000008001b08                _sidata = LOADADDR (.data)

.data           0x0000000020000000       0x10 load address 0x0000000008001b08
                0x0000000020000000                . = ALIGN (0x4)
                0x0000000020000000                _sdata = .
 *(.data)
 *(.data*)
 .data.uwTickFreq
                0x0000000020000000        0x1 build/stm32f1xx_hal.o
                0x0000000020000000                uwTickFreq
 *fill*         0x0000000020000001        0x3 
 .data.uwTickPrio
                0x0000000020000004        0x4 build/stm32f1xx_hal.o
                0x0000000020000004                uwTickPrio
 .data.SystemCoreClock
                0x0000000020000008        0x4 build/system_stm32f1xx.o
                0x0000000020000008                SystemCoreClock
 .data.uxCriticalNesting
                0x000000002000000c        0x4 build/port.o
                0x0000000020000010                . = ALIGN (0x4)
                0x0000000020000010                _edata = .

.igot.plt       0x0000000020000010        0x0 load address 0x0000000008001b18
 .igot.plt      0x0000000020000010        0x0 /opt/arm-none-eabi/gcc-arm-none-eabi-9-2019-q4-major/bin/../lib/gcc/arm-none-eabi/9.2.1/thumb/v7-m/nofp/crtbegin.o
                0x0000000020000010                . = ALIGN (0x4)

.bss            0x0000000020000010      0xfc0 load address 0x0000000008001b18
                0x0000000020000010                _sbss = .
                0x0000000020000010                __bss_start__ = _sbss
 *(.bss)
 .bss           0x0000000020000010       0x1c /opt/arm-none-eabi/gcc-arm-none-eabi-9-2019-q4-major/bin/../lib/gcc/arm-none-eabi/9.2.1/thumb/v7-m/nofp/crtbegin.o
 *(.bss*)
 .bss.xIdleStack
                0x000000002000002c      0x200 build/freertos.o
 .bss.xIdleTaskTCBBuffer
                0x000000002000022c       0x54 build/freertos.o
 .bss.pxCurrentTCB
                0x0000000020000280        0x4 build/tasks.o
                0x0000000020000280                pxCurrentTCB
 .bss.pxDelayedTaskList
                0x0000000020000284        0x4 build/tasks.o
 .bss.pxOverflowDelayedTaskList
                0x0000000020000288        0x4 build/tasks.o
 .bss.pxReadyTasksLists
                0x000000002000028c       0x8c build/tasks.o
 .bss.uxCurrentNumberOfTasks
                0x0000000020000318        0x4 build/tasks.o
 .bss.uxDeletedTasksWaitingCleanUp
                0x000000002000031c        0x4 build/tasks.o
 .bss.uxPendedTicks
                0x0000000020000320        0x4 build/tasks.o
 .bss.uxSchedulerSuspended
                0x0000000020000324        0x4 build/tasks.o
 .bss.uxTaskNumber
                0x0000000020000328        0x4 build/tasks.o
 .bss.uxTopReadyPriority
                0x000000002000032c        0x4 build/tasks.o
 .bss.xDelayedTaskList1
                0x0000000020000330       0x14 build/tasks.o
 .bss.xDelayedTaskList2
                0x0000000020000344       0x14 build/tasks.o
 .bss.xNextTaskUnblockTime
                0x0000000020000358        0x4 build/tasks.o
 .bss.xNumOfOverflows
                0x000000002000035c        0x4 build/tasks.o
 .bss.xPendingReadyList
                0x0000000020000360       0x14 build/tasks.o
 .bss.xSchedulerRunning
                0x0000000020000374        0x4 build/tasks.o
 .bss.xSuspendedTaskList
                0x0000000020000378       0x14 build/tasks.o
 .bss.xTasksWaitingTermination
                0x000000002000038c       0x14 build/tasks.o
 .bss.xTickCount
                0x00000000200003a0        0x4 build/tasks.o
 .bss.xYieldPending
                0x00000000200003a4        0x4 build/tasks.o
 .bss.pxEnd     0x00000000200003a8        0x4 build/heap_4.o
 .bss.ucHeap    0x00000000200003ac      0xc00 build/heap_4.o
 .bss.xBlockAllocatedBit
                0x0000000020000fac        0x4 build/heap_4.o
 .bss.xFreeBytesRemaining
                0x0000000020000fb0        0x4 build/heap_4.o
 .bss.xMinimumEverFreeBytesRemaining
                0x0000000020000fb4        0x4 build/heap_4.o
 .bss.xStart    0x0000000020000fb8        0x8 build/heap_4.o
 .bss.ucMaxSysCallPriority
                0x0000000020000fc0        0x1 build/port.o
 *fill*         0x0000000020000fc1        0x3 
 .bss.ulMaxPRIGROUPValue
                0x0000000020000fc4        0x4 build/port.o
 *(COMMON)
 COMMON         0x0000000020000fc8        0x4 build/main.o
                0x0000000020000fc8                defaultTaskHandle
 COMMON         0x0000000020000fcc        0x4 build/stm32f1xx_hal.o
                0x0000000020000fcc                uwTick
                0x0000000020000fd0                . = ALIGN (0x4)
                0x0000000020000fd0                _ebss = .
                0x0000000020000fd0                __bss_end__ = _ebss

._user_heap_stack
                0x0000000020000fd0      0x600 load address 0x0000000008001b18
                0x0000000020000fd0                . = ALIGN (0x8)
                [!provide]                        PROVIDE (end = .)
                [!provide]                        PROVIDE (_end = .)
                0x00000000200011d0                . = (. + _Min_Heap_Size)
 *fill*         0x0000000020000fd0      0x200 
                0x00000000200015d0                . = (. + _Min_Stack_Size)
 *fill*         0x00000000200011d0      0x400 
                0x00000000200015d0                . = ALIGN (0x8)

/DISCARD/
 libc.a(*)
 libm.a(*)
 libgcc.a(*)

.ARM.attributes
                0x0000000000000000       0x29
 *(.ARM.attributes)
 .ARM.attributes
                0x0000000000000000       0x1d /opt/arm-none-eabi/gcc-arm-none-eabi-9-2019-q4-major/bin/../lib/gcc/arm-none-eabi/9.2.1/thumb/v7-m/nofp/crti.o
 .ARM.attributes
                0x000000000000001d       0x2d /opt/arm-none-eabi/gcc-arm-none-eabi-9-2019-q4-major/bin/../lib/gcc/arm-none-eabi/9.2.1/thumb/v7-m/nofp/crtbegin.o
 .ARM.attributes
                0x000000000000004a       0x2d build/main.o
 .ARM.attributes
                0x0000000000000077       0x2d build/freertos.o
 .ARM.attributes
                0x00000000000000a4       0x2d build/stm32f1xx_it.o
 .ARM.attributes
                0x00000000000000d1       0x2d build/stm32f1xx_hal_msp.o
 .ARM.attributes
                0x00000000000000fe       0x2d build/stm32f1xx_hal.o
 .ARM.attributes
                0x000000000000012b       0x2d build/stm32f1xx_hal_rcc.o
 .ARM.attributes
                0x0000000000000158       0x2d build/stm32f1xx_hal_gpio.o
 .ARM.attributes
                0x0000000000000185       0x2d build/stm32f1xx_hal_cortex.o
 .ARM.attributes
                0x00000000000001b2       0x2d build/system_stm32f1xx.o
 .ARM.attributes
                0x00000000000001df       0x2d build/list.o
 .ARM.attributes
                0x000000000000020c       0x2d build/tasks.o
 .ARM.attributes
                0x0000000000000239       0x2d build/cmsis_os.o
 .ARM.attributes
                0x0000000000000266       0x2d build/heap_4.o
 .ARM.attributes
                0x0000000000000293       0x2d build/port.o
 .ARM.attributes
                0x00000000000002c0       0x21 build/startup_stm32f103xb.o
 .ARM.attributes
                0x00000000000002e1       0x2d /opt/arm-none-eabi/gcc-arm-none-eabi-9-2019-q4-major/bin/../lib/gcc/arm-none-eabi/9.2.1/../../../../arm-none-eabi/lib/thumb/v7-m/nofp/libc_nano.a(lib_a-init.o)
 .ARM.attributes
                0x000000000000030e       0x1d /opt/arm-none-eabi/gcc-arm-none-eabi-9-2019-q4-major/bin/../lib/gcc/arm-none-eabi/9.2.1/thumb/v7-m/nofp/crtn.o
OUTPUT(build/freeRTOS.elf elf32-littlearm)

.debug_info     0x0000000000000000     0xc43b
 .debug_info    0x0000000000000000      0x988 build/main.o
 .debug_info    0x0000000000000988      0x37f build/freertos.o
 .debug_info    0x0000000000000d07      0x275 build/stm32f1xx_it.o
 .debug_info    0x0000000000000f7c      0x49c build/stm32f1xx_hal_msp.o
 .debug_info    0x0000000000001418      0x8c6 build/stm32f1xx_hal.o
 .debug_info    0x0000000000001cde      0xb59 build/stm32f1xx_hal_rcc.o
 .debug_info    0x0000000000002837      0x7a8 build/stm32f1xx_hal_gpio.o
 .debug_info    0x0000000000002fdf      0xee9 build/stm32f1xx_hal_cortex.o
 .debug_info    0x0000000000003ec8      0x4cf build/system_stm32f1xx.o
 .debug_info    0x0000000000004397      0xc9e build/list.o
 .debug_info    0x0000000000005035     0x32e5 build/tasks.o
 .debug_info    0x000000000000831a     0x2d66 build/cmsis_os.o
 .debug_info    0x000000000000b080      0xe30 build/heap_4.o
 .debug_info    0x000000000000beb0      0x569 build/port.o
 .debug_info    0x000000000000c419       0x22 build/startup_stm32f103xb.o

.debug_abbrev   0x0000000000000000     0x22b1
 .debug_abbrev  0x0000000000000000      0x255 build/main.o
 .debug_abbrev  0x0000000000000255      0x11c build/freertos.o
 .debug_abbrev  0x0000000000000371      0x106 build/stm32f1xx_it.o
 .debug_abbrev  0x0000000000000477      0x15d build/stm32f1xx_hal_msp.o
 .debug_abbrev  0x00000000000005d4      0x22f build/stm32f1xx_hal.o
 .debug_abbrev  0x0000000000000803      0x2ad build/stm32f1xx_hal_rcc.o
 .debug_abbrev  0x0000000000000ab0      0x24f build/stm32f1xx_hal_gpio.o
 .debug_abbrev  0x0000000000000cff      0x37f build/stm32f1xx_hal_cortex.o
 .debug_abbrev  0x000000000000107e      0x153 build/system_stm32f1xx.o
 .debug_abbrev  0x00000000000011d1      0x245 build/list.o
 .debug_abbrev  0x0000000000001416      0x448 build/tasks.o
 .debug_abbrev  0x000000000000185e      0x437 build/cmsis_os.o
 .debug_abbrev  0x0000000000001c95      0x36d build/heap_4.o
 .debug_abbrev  0x0000000000002002      0x29d build/port.o
 .debug_abbrev  0x000000000000229f       0x12 build/startup_stm32f103xb.o

.debug_loc      0x0000000000000000     0x5afc
 .debug_loc     0x0000000000000000       0xe2 build/main.o
 .debug_loc     0x00000000000000e2       0x20 build/stm32f1xx_it.o
 .debug_loc     0x0000000000000102       0x4d build/stm32f1xx_hal_msp.o
 .debug_loc     0x000000000000014f      0x1bb build/stm32f1xx_hal.o
 .debug_loc     0x000000000000030a      0x7c0 build/stm32f1xx_hal_rcc.o
 .debug_loc     0x0000000000000aca      0x50e build/stm32f1xx_hal_gpio.o
 .debug_loc     0x0000000000000fd8      0x7af build/stm32f1xx_hal_cortex.o
 .debug_loc     0x0000000000001787       0xff build/system_stm32f1xx.o
 .debug_loc     0x0000000000001886       0xe5 build/list.o
 .debug_loc     0x000000000000196b     0x2224 build/tasks.o
 .debug_loc     0x0000000000003b8f     0x1a4c build/cmsis_os.o
 .debug_loc     0x00000000000055db      0x3b5 build/heap_4.o
 .debug_loc     0x0000000000005990      0x16c build/port.o

.debug_aranges  0x0000000000000000      0x800
 .debug_aranges
                0x0000000000000000       0x40 build/main.o
 .debug_aranges
                0x0000000000000040       0x20 build/freertos.o
 .debug_aranges
                0x0000000000000060       0x50 build/stm32f1xx_it.o
 .debug_aranges
                0x00000000000000b0       0x20 build/stm32f1xx_hal_msp.o
 .debug_aranges
                0x00000000000000d0       0xe0 build/stm32f1xx_hal.o
 .debug_aranges
                0x00000000000001b0       0x90 build/stm32f1xx_hal_rcc.o
 .debug_aranges
                0x0000000000000240       0x58 build/stm32f1xx_hal_gpio.o
 .debug_aranges
                0x0000000000000298       0x90 build/stm32f1xx_hal_cortex.o
 .debug_aranges
                0x0000000000000328       0x28 build/system_stm32f1xx.o
 .debug_aranges
                0x0000000000000350       0x40 build/list.o
 .debug_aranges
                0x0000000000000390      0x1a8 build/tasks.o
 .debug_aranges
                0x0000000000000538      0x1d8 build/cmsis_os.o
 .debug_aranges
                0x0000000000000710       0x50 build/heap_4.o
 .debug_aranges
                0x0000000000000760       0x78 build/port.o
 .debug_aranges
                0x00000000000007d8       0x28 build/startup_stm32f103xb.o

.debug_ranges   0x0000000000000000      0x858
 .debug_ranges  0x0000000000000000       0x30 build/main.o
 .debug_ranges  0x0000000000000030       0x10 build/freertos.o
 .debug_ranges  0x0000000000000040       0x40 build/stm32f1xx_it.o
 .debug_ranges  0x0000000000000080       0x10 build/stm32f1xx_hal_msp.o
 .debug_ranges  0x0000000000000090       0xd0 build/stm32f1xx_hal.o
 .debug_ranges  0x0000000000000160       0xa0 build/stm32f1xx_hal_rcc.o
 .debug_ranges  0x0000000000000200       0x48 build/stm32f1xx_hal_gpio.o
 .debug_ranges  0x0000000000000248       0xe0 build/stm32f1xx_hal_cortex.o
 .debug_ranges  0x0000000000000328       0x18 build/system_stm32f1xx.o
 .debug_ranges  0x0000000000000340       0x30 build/list.o
 .debug_ranges  0x0000000000000370      0x258 build/tasks.o
 .debug_ranges  0x00000000000005c8      0x1c8 build/cmsis_os.o
 .debug_ranges  0x0000000000000790       0x40 build/heap_4.o
 .debug_ranges  0x00000000000007d0       0x68 build/port.o
 .debug_ranges  0x0000000000000838       0x20 build/startup_stm32f103xb.o

.debug_line     0x0000000000000000     0x7385
 .debug_line    0x0000000000000000      0x42a build/main.o
 .debug_line    0x000000000000042a      0x257 build/freertos.o
 .debug_line    0x0000000000000681      0x312 build/stm32f1xx_it.o
 .debug_line    0x0000000000000993      0x1e9 build/stm32f1xx_hal_msp.o
 .debug_line    0x0000000000000b7c      0x512 build/stm32f1xx_hal.o
 .debug_line    0x000000000000108e      0xc33 build/stm32f1xx_hal_rcc.o
 .debug_line    0x0000000000001cc1      0x619 build/stm32f1xx_hal_gpio.o
 .debug_line    0x00000000000022da      0x66c build/stm32f1xx_hal_cortex.o
 .debug_line    0x0000000000002946      0x2bc build/system_stm32f1xx.o
 .debug_line    0x0000000000002c02      0x451 build/list.o
 .debug_line    0x0000000000003053     0x23bb build/tasks.o
 .debug_line    0x000000000000540e     0x1233 build/cmsis_os.o
 .debug_line    0x0000000000006641      0x6cf build/heap_4.o
 .debug_line    0x0000000000006d10      0x603 build/port.o
 .debug_line    0x0000000000007313       0x72 build/startup_stm32f103xb.o

.debug_str      0x0000000000000000     0x3206
 .debug_str     0x0000000000000000      0x6a9 build/main.o
                                        0x724 (size before relaxing)
 .debug_str     0x00000000000006a9       0x85 build/freertos.o
                                        0x3bb (size before relaxing)
 .debug_str     0x000000000000072e       0xbf build/stm32f1xx_it.o
                                        0x321 (size before relaxing)
 .debug_str     0x00000000000007ed      0x33c build/stm32f1xx_hal_msp.o
                                        0x5d4 (size before relaxing)
 .debug_str     0x0000000000000b29      0x284 build/stm32f1xx_hal.o
                                        0x85d (size before relaxing)
 .debug_str     0x0000000000000dad      0x1f1 build/stm32f1xx_hal_rcc.o
                                        0x6b2 (size before relaxing)
 .debug_str     0x0000000000000f9e      0x127 build/stm32f1xx_hal_gpio.o
                                        0x4d0 (size before relaxing)
 .debug_str     0x00000000000010c5      0x3af build/stm32f1xx_hal_cortex.o
                                        0x97f (size before relaxing)
 .debug_str     0x0000000000001474       0x4a build/system_stm32f1xx.o
                                        0x33f (size before relaxing)
 .debug_str     0x00000000000014be      0x4fd build/list.o
                                        0x6e4 (size before relaxing)
 .debug_str     0x00000000000019bb      0xbc9 build/tasks.o
                                       0x13b8 (size before relaxing)
 .debug_str     0x0000000000002584      0x913 build/cmsis_os.o
                                       0x13df (size before relaxing)
 .debug_str     0x0000000000002e97      0x1de build/heap_4.o
                                        0x7cd (size before relaxing)
 .debug_str     0x0000000000003075      0x16d build/port.o
                                        0x45e (size before relaxing)
 .debug_str     0x00000000000031e2       0x24 build/startup_stm32f103xb.o
                                         0x4a (size before relaxing)

.comment        0x0000000000000000       0x79
 .comment       0x0000000000000000       0x79 build/main.o
                                         0x7a (size before relaxing)
 .comment       0x0000000000000079       0x7a build/freertos.o
 .comment       0x0000000000000079       0x7a build/stm32f1xx_it.o
 .comment       0x0000000000000079       0x7a build/stm32f1xx_hal_msp.o
 .comment       0x0000000000000079       0x7a build/stm32f1xx_hal.o
 .comment       0x0000000000000079       0x7a build/stm32f1xx_hal_rcc.o
 .comment       0x0000000000000079       0x7a build/stm32f1xx_hal_gpio.o
 .comment       0x0000000000000079       0x7a build/stm32f1xx_hal_cortex.o
 .comment       0x0000000000000079       0x7a build/system_stm32f1xx.o
 .comment       0x0000000000000079       0x7a build/list.o
 .comment       0x0000000000000079       0x7a build/tasks.o
 .comment       0x0000000000000079       0x7a build/cmsis_os.o
 .comment       0x0000000000000079       0x7a build/heap_4.o
 .comment       0x0000000000000079       0x7a build/port.o

.debug_frame    0x0000000000000000     0x163c
 .debug_frame   0x0000000000000000       0xa0 build/main.o
 .debug_frame   0x00000000000000a0       0x20 build/freertos.o
 .debug_frame   0x00000000000000c0       0x8c build/stm32f1xx_it.o
 .debug_frame   0x000000000000014c       0x2c build/stm32f1xx_hal_msp.o
 .debug_frame   0x0000000000000178      0x1e0 build/stm32f1xx_hal.o
 .debug_frame   0x0000000000000358      0x1c0 build/stm32f1xx_hal_rcc.o
 .debug_frame   0x0000000000000518      0x104 build/stm32f1xx_hal_gpio.o
 .debug_frame   0x000000000000061c      0x13c build/stm32f1xx_hal_cortex.o
 .debug_frame   0x0000000000000758       0x30 build/system_stm32f1xx.o
 .debug_frame   0x0000000000000788       0x74 build/list.o
 .debug_frame   0x00000000000007fc      0x61c build/tasks.o
 .debug_frame   0x0000000000000e18      0x648 build/cmsis_os.o
 .debug_frame   0x0000000000001460       0xbc build/heap_4.o
 .debug_frame   0x000000000000151c       0xf4 build/port.o
 .debug_frame   0x0000000000001610       0x2c /opt/arm-none-eabi/gcc-arm-none-eabi-9-2019-q4-major/bin/../lib/gcc/arm-none-eabi/9.2.1/../../../../arm-none-eabi/lib/thumb/v7-m/nofp/libc_nano.a(lib_a-init.o)

Cross Reference Table

Symbol                                            File
ADC1_2_IRQHandler                                 build/startup_stm32f103xb.o
AHBPrescTable                                     build/system_stm32f1xx.o
                                                  build/stm32f1xx_hal_rcc.o
APBPrescTable                                     build/system_stm32f1xx.o
                                                  build/stm32f1xx_hal_rcc.o
BusFault_Handler                                  build/stm32f1xx_it.o
CAN1_RX1_IRQHandler                               build/startup_stm32f103xb.o
CAN1_SCE_IRQHandler                               build/startup_stm32f103xb.o
DMA1_Channel1_IRQHandler                          build/startup_stm32f103xb.o
DMA1_Channel2_IRQHandler                          build/startup_stm32f103xb.o
DMA1_Channel3_IRQHandler                          build/startup_stm32f103xb.o
DMA1_Channel4_IRQHandler                          build/startup_stm32f103xb.o
DMA1_Channel5_IRQHandler                          build/startup_stm32f103xb.o
DMA1_Channel6_IRQHandler                          build/startup_stm32f103xb.o
DMA1_Channel7_IRQHandler                          build/startup_stm32f103xb.o
DebugMon_Handler                                  build/stm32f1xx_it.o
Default_Handler                                   build/startup_stm32f103xb.o
EXTI0_IRQHandler                                  build/startup_stm32f103xb.o
EXTI15_10_IRQHandler                              build/startup_stm32f103xb.o
EXTI1_IRQHandler                                  build/startup_stm32f103xb.o
EXTI2_IRQHandler                                  build/startup_stm32f103xb.o
EXTI3_IRQHandler                                  build/startup_stm32f103xb.o
EXTI4_IRQHandler                                  build/startup_stm32f103xb.o
EXTI9_5_IRQHandler                                build/startup_stm32f103xb.o
Error_Handler                                     build/main.o
FLASH_IRQHandler                                  build/startup_stm32f103xb.o
FLASH_PageErase                                   build/stm32f1xx_hal_flash_ex.o
                                                  build/stm32f1xx_hal_flash.o
FLASH_WaitForLastOperation                        build/stm32f1xx_hal_flash.o
                                                  build/stm32f1xx_hal_flash_ex.o
HAL_DBGMCU_DisableDBGSleepMode                    build/stm32f1xx_hal.o
HAL_DBGMCU_DisableDBGStandbyMode                  build/stm32f1xx_hal.o
HAL_DBGMCU_DisableDBGStopMode                     build/stm32f1xx_hal.o
HAL_DBGMCU_EnableDBGSleepMode                     build/stm32f1xx_hal.o
HAL_DBGMCU_EnableDBGStandbyMode                   build/stm32f1xx_hal.o
HAL_DBGMCU_EnableDBGStopMode                      build/stm32f1xx_hal.o
HAL_DMA_Abort                                     build/stm32f1xx_hal_dma.o
HAL_DMA_Abort_IT                                  build/stm32f1xx_hal_dma.o
HAL_DMA_DeInit                                    build/stm32f1xx_hal_dma.o
HAL_DMA_GetError                                  build/stm32f1xx_hal_dma.o
HAL_DMA_GetState                                  build/stm32f1xx_hal_dma.o
HAL_DMA_IRQHandler                                build/stm32f1xx_hal_dma.o
HAL_DMA_Init                                      build/stm32f1xx_hal_dma.o
HAL_DMA_PollForTransfer                           build/stm32f1xx_hal_dma.o
HAL_DMA_RegisterCallback                          build/stm32f1xx_hal_dma.o
HAL_DMA_Start                                     build/stm32f1xx_hal_dma.o
HAL_DMA_Start_IT                                  build/stm32f1xx_hal_dma.o
HAL_DMA_UnRegisterCallback                        build/stm32f1xx_hal_dma.o
HAL_DeInit                                        build/stm32f1xx_hal.o
HAL_Delay                                         build/stm32f1xx_hal.o
HAL_EXTI_ClearConfigLine                          build/stm32f1xx_hal_exti.o
HAL_EXTI_ClearPending                             build/stm32f1xx_hal_exti.o
HAL_EXTI_GenerateSWI                              build/stm32f1xx_hal_exti.o
HAL_EXTI_GetConfigLine                            build/stm32f1xx_hal_exti.o
HAL_EXTI_GetHandle                                build/stm32f1xx_hal_exti.o
HAL_EXTI_GetPending                               build/stm32f1xx_hal_exti.o
HAL_EXTI_IRQHandler                               build/stm32f1xx_hal_exti.o
HAL_EXTI_RegisterCallback                         build/stm32f1xx_hal_exti.o
HAL_EXTI_SetConfigLine                            build/stm32f1xx_hal_exti.o
HAL_FLASHEx_Erase                                 build/stm32f1xx_hal_flash_ex.o
HAL_FLASHEx_Erase_IT                              build/stm32f1xx_hal_flash_ex.o
HAL_FLASHEx_OBErase                               build/stm32f1xx_hal_flash_ex.o
HAL_FLASHEx_OBGetConfig                           build/stm32f1xx_hal_flash_ex.o
HAL_FLASHEx_OBGetUserData                         build/stm32f1xx_hal_flash_ex.o
HAL_FLASHEx_OBProgram                             build/stm32f1xx_hal_flash_ex.o
HAL_FLASH_EndOfOperationCallback                  build/stm32f1xx_hal_flash.o
HAL_FLASH_GetError                                build/stm32f1xx_hal_flash.o
HAL_FLASH_IRQHandler                              build/stm32f1xx_hal_flash.o
HAL_FLASH_Lock                                    build/stm32f1xx_hal_flash.o
HAL_FLASH_OB_Launch                               build/stm32f1xx_hal_flash.o
HAL_FLASH_OB_Lock                                 build/stm32f1xx_hal_flash.o
HAL_FLASH_OB_Unlock                               build/stm32f1xx_hal_flash.o
HAL_FLASH_OperationErrorCallback                  build/stm32f1xx_hal_flash.o
HAL_FLASH_Program                                 build/stm32f1xx_hal_flash.o
HAL_FLASH_Program_IT                              build/stm32f1xx_hal_flash.o
HAL_FLASH_Unlock                                  build/stm32f1xx_hal_flash.o
HAL_GPIOEx_ConfigEventout                         build/stm32f1xx_hal_gpio_ex.o
HAL_GPIOEx_DisableEventout                        build/stm32f1xx_hal_gpio_ex.o
HAL_GPIOEx_EnableEventout                         build/stm32f1xx_hal_gpio_ex.o
HAL_GPIO_DeInit                                   build/stm32f1xx_hal_gpio.o
HAL_GPIO_EXTI_Callback                            build/stm32f1xx_hal_gpio.o
HAL_GPIO_EXTI_IRQHandler                          build/stm32f1xx_hal_gpio.o
HAL_GPIO_Init                                     build/stm32f1xx_hal_gpio.o
                                                  build/stm32f1xx_hal_rcc.o
                                                  build/main.o
HAL_GPIO_LockPin                                  build/stm32f1xx_hal_gpio.o
HAL_GPIO_ReadPin                                  build/stm32f1xx_hal_gpio.o
HAL_GPIO_TogglePin                                build/stm32f1xx_hal_gpio.o
HAL_GPIO_WritePin                                 build/stm32f1xx_hal_gpio.o
                                                  build/main.o
HAL_GetDEVID                                      build/stm32f1xx_hal.o
HAL_GetHalVersion                                 build/stm32f1xx_hal.o
HAL_GetREVID                                      build/stm32f1xx_hal.o
HAL_GetTick                                       build/stm32f1xx_hal.o
                                                  build/stm32f1xx_hal_flash.o
                                                  build/stm32f1xx_hal_dma.o
                                                  build/stm32f1xx_hal_rcc_ex.o
                                                  build/stm32f1xx_hal_rcc.o
HAL_GetTickFreq                                   build/stm32f1xx_hal.o
HAL_GetTickPrio                                   build/stm32f1xx_hal.o
HAL_GetUIDw0                                      build/stm32f1xx_hal.o
HAL_GetUIDw1                                      build/stm32f1xx_hal.o
HAL_GetUIDw2                                      build/stm32f1xx_hal.o
HAL_IncTick                                       build/stm32f1xx_hal.o
                                                  build/stm32f1xx_it.o
HAL_Init                                          build/stm32f1xx_hal.o
                                                  build/main.o
HAL_InitTick                                      build/stm32f1xx_hal.o
                                                  build/stm32f1xx_hal_rcc.o
HAL_MspDeInit                                     build/stm32f1xx_hal.o
HAL_MspInit                                       build/stm32f1xx_hal_msp.o
HAL_NVIC_ClearPendingIRQ                          build/stm32f1xx_hal_cortex.o
HAL_NVIC_DisableIRQ                               build/stm32f1xx_hal_cortex.o
HAL_NVIC_EnableIRQ                                build/stm32f1xx_hal_cortex.o
HAL_NVIC_GetActive                                build/stm32f1xx_hal_cortex.o
HAL_NVIC_GetPendingIRQ                            build/stm32f1xx_hal_cortex.o
HAL_NVIC_GetPriority                              build/stm32f1xx_hal_cortex.o
HAL_NVIC_GetPriorityGrouping                      build/stm32f1xx_hal_cortex.o
HAL_NVIC_SetPendingIRQ                            build/stm32f1xx_hal_cortex.o
HAL_NVIC_SetPriority                              build/stm32f1xx_hal_cortex.o
                                                  build/stm32f1xx_hal.o
                                                  build/stm32f1xx_hal_msp.o
HAL_NVIC_SetPriorityGrouping                      build/stm32f1xx_hal_cortex.o
                                                  build/stm32f1xx_hal.o
HAL_NVIC_SystemReset                              build/stm32f1xx_hal_cortex.o
                                                  build/stm32f1xx_hal_flash.o
HAL_PWR_ConfigPVD                                 build/stm32f1xx_hal_pwr.o
HAL_PWR_DeInit                                    build/stm32f1xx_hal_pwr.o
HAL_PWR_DisableBkUpAccess                         build/stm32f1xx_hal_pwr.o
HAL_PWR_DisablePVD                                build/stm32f1xx_hal_pwr.o
HAL_PWR_DisableSEVOnPend                          build/stm32f1xx_hal_pwr.o
HAL_PWR_DisableSleepOnExit                        build/stm32f1xx_hal_pwr.o
HAL_PWR_DisableWakeUpPin                          build/stm32f1xx_hal_pwr.o
HAL_PWR_EnableBkUpAccess                          build/stm32f1xx_hal_pwr.o
HAL_PWR_EnablePVD                                 build/stm32f1xx_hal_pwr.o
HAL_PWR_EnableSEVOnPend                           build/stm32f1xx_hal_pwr.o
HAL_PWR_EnableSleepOnExit                         build/stm32f1xx_hal_pwr.o
HAL_PWR_EnableWakeUpPin                           build/stm32f1xx_hal_pwr.o
HAL_PWR_EnterSLEEPMode                            build/stm32f1xx_hal_pwr.o
HAL_PWR_EnterSTANDBYMode                          build/stm32f1xx_hal_pwr.o
HAL_PWR_EnterSTOPMode                             build/stm32f1xx_hal_pwr.o
HAL_PWR_PVDCallback                               build/stm32f1xx_hal_pwr.o
HAL_PWR_PVD_IRQHandler                            build/stm32f1xx_hal_pwr.o
HAL_RCCEx_GetPeriphCLKConfig                      build/stm32f1xx_hal_rcc_ex.o
HAL_RCCEx_GetPeriphCLKFreq                        build/stm32f1xx_hal_rcc_ex.o
HAL_RCCEx_PeriphCLKConfig                         build/stm32f1xx_hal_rcc_ex.o
HAL_RCC_CSSCallback                               build/stm32f1xx_hal_rcc.o
HAL_RCC_ClockConfig                               build/stm32f1xx_hal_rcc.o
                                                  build/main.o
HAL_RCC_DeInit                                    build/stm32f1xx_hal_rcc.o
HAL_RCC_DisableCSS                                build/stm32f1xx_hal_rcc.o
HAL_RCC_EnableCSS                                 build/stm32f1xx_hal_rcc.o
HAL_RCC_GetClockConfig                            build/stm32f1xx_hal_rcc.o
HAL_RCC_GetHCLKFreq                               build/stm32f1xx_hal_rcc.o
HAL_RCC_GetOscConfig                              build/stm32f1xx_hal_rcc.o
HAL_RCC_GetPCLK1Freq                              build/stm32f1xx_hal_rcc.o
HAL_RCC_GetPCLK2Freq                              build/stm32f1xx_hal_rcc.o
                                                  build/stm32f1xx_hal_rcc_ex.o
HAL_RCC_GetSysClockFreq                           build/stm32f1xx_hal_rcc.o
HAL_RCC_MCOConfig                                 build/stm32f1xx_hal_rcc.o
HAL_RCC_NMI_IRQHandler                            build/stm32f1xx_hal_rcc.o
HAL_RCC_OscConfig                                 build/stm32f1xx_hal_rcc.o
                                                  build/main.o
HAL_ResumeTick                                    build/stm32f1xx_hal.o
HAL_SYSTICK_CLKSourceConfig                       build/stm32f1xx_hal_cortex.o
HAL_SYSTICK_Callback                              build/stm32f1xx_hal_cortex.o
HAL_SYSTICK_Config                                build/stm32f1xx_hal_cortex.o
                                                  build/stm32f1xx_hal.o
HAL_SYSTICK_IRQHandler                            build/stm32f1xx_hal_cortex.o
HAL_SetTickFreq                                   build/stm32f1xx_hal.o
HAL_SuspendTick                                   build/stm32f1xx_hal.o
HardFault_Handler                                 build/stm32f1xx_it.o
I2C1_ER_IRQHandler                                build/startup_stm32f103xb.o
I2C1_EV_IRQHandler                                build/startup_stm32f103xb.o
I2C2_ER_IRQHandler                                build/startup_stm32f103xb.o
I2C2_EV_IRQHandler                                build/startup_stm32f103xb.o
MemManage_Handler                                 build/stm32f1xx_it.o
NMI_Handler                                       build/stm32f1xx_it.o
PVD_IRQHandler                                    build/startup_stm32f103xb.o
PendSV_Handler                                    build/port.o
RCC_IRQHandler                                    build/startup_stm32f103xb.o
RTC_Alarm_IRQHandler                              build/startup_stm32f103xb.o
RTC_IRQHandler                                    build/startup_stm32f103xb.o
Reset_Handler                                     build/startup_stm32f103xb.o
SPI1_IRQHandler                                   build/startup_stm32f103xb.o
SPI2_IRQHandler                                   build/startup_stm32f103xb.o
SVC_Handler                                       build/port.o
StartDefaultTask                                  build/main.o
SysTick_Handler                                   build/stm32f1xx_it.o
SystemClock_Config                                build/main.o
SystemCoreClock                                   build/system_stm32f1xx.o
                                                  build/port.o
                                                  build/stm32f1xx_hal_rcc.o
                                                  build/stm32f1xx_hal.o
SystemCoreClockUpdate                             build/system_stm32f1xx.o
SystemInit                                        build/system_stm32f1xx.o
                                                  build/startup_stm32f103xb.o
TAMPER_IRQHandler                                 build/startup_stm32f103xb.o
TIM1_BRK_IRQHandler                               build/startup_stm32f103xb.o
TIM1_CC_IRQHandler                                build/startup_stm32f103xb.o
TIM1_TRG_COM_IRQHandler                           build/startup_stm32f103xb.o
TIM1_UP_IRQHandler                                build/startup_stm32f103xb.o
TIM2_IRQHandler                                   build/startup_stm32f103xb.o
TIM3_IRQHandler                                   build/startup_stm32f103xb.o
TIM4_IRQHandler                                   build/startup_stm32f103xb.o
USART1_IRQHandler                                 build/startup_stm32f103xb.o
USART2_IRQHandler                                 build/startup_stm32f103xb.o
USART3_IRQHandler                                 build/startup_stm32f103xb.o
USBWakeUp_IRQHandler                              build/startup_stm32f103xb.o
USB_HP_CAN1_TX_IRQHandler                         build/startup_stm32f103xb.o
USB_LP_CAN1_RX0_IRQHandler                        build/startup_stm32f103xb.o
UsageFault_Handler                                build/stm32f1xx_it.o
WWDG_IRQHandler                                   build/startup_stm32f103xb.o
__bss_end__                                       /opt/arm-none-eabi/gcc-arm-none-eabi-9-2019-q4-major/bin/../lib/gcc/arm-none-eabi/9.2.1/../../../../arm-none-eabi/lib/thumb/v7-m/nofp/crt0.o
__bss_start__                                     /opt/arm-none-eabi/gcc-arm-none-eabi-9-2019-q4-major/bin/../lib/gcc/arm-none-eabi/9.2.1/../../../../arm-none-eabi/lib/thumb/v7-m/nofp/crt0.o
__call_exitprocs                                  /opt/arm-none-eabi/gcc-arm-none-eabi-9-2019-q4-major/bin/../lib/gcc/arm-none-eabi/9.2.1/../../../../arm-none-eabi/lib/thumb/v7-m/nofp/libc_nano.a(lib_a-exit.o)
__deregister_frame_info                           /opt/arm-none-eabi/gcc-arm-none-eabi-9-2019-q4-major/bin/../lib/gcc/arm-none-eabi/9.2.1/thumb/v7-m/nofp/crtbegin.o
__dso_handle                                      /opt/arm-none-eabi/gcc-arm-none-eabi-9-2019-q4-major/bin/../lib/gcc/arm-none-eabi/9.2.1/thumb/v7-m/nofp/crtbegin.o
__init_array_end                                  /opt/arm-none-eabi/gcc-arm-none-eabi-9-2019-q4-major/bin/../lib/gcc/arm-none-eabi/9.2.1/../../../../arm-none-eabi/lib/thumb/v7-m/nofp/libc_nano.a(lib_a-init.o)
__init_array_start                                /opt/arm-none-eabi/gcc-arm-none-eabi-9-2019-q4-major/bin/../lib/gcc/arm-none-eabi/9.2.1/../../../../arm-none-eabi/lib/thumb/v7-m/nofp/libc_nano.a(lib_a-init.o)
__libc_fini_array                                 /opt/arm-none-eabi/gcc-arm-none-eabi-9-2019-q4-major/bin/../lib/gcc/arm-none-eabi/9.2.1/../../../../arm-none-eabi/lib/thumb/v7-m/nofp/crt0.o
__libc_init_array                                 /opt/arm-none-eabi/gcc-arm-none-eabi-9-2019-q4-major/bin/../lib/gcc/arm-none-eabi/9.2.1/../../../../arm-none-eabi/lib/thumb/v7-m/nofp/libc_nano.a(lib_a-init.o)
                                                  build/startup_stm32f103xb.o
                                                  /opt/arm-none-eabi/gcc-arm-none-eabi-9-2019-q4-major/bin/../lib/gcc/arm-none-eabi/9.2.1/../../../../arm-none-eabi/lib/thumb/v7-m/nofp/crt0.o
__preinit_array_end                               /opt/arm-none-eabi/gcc-arm-none-eabi-9-2019-q4-major/bin/../lib/gcc/arm-none-eabi/9.2.1/../../../../arm-none-eabi/lib/thumb/v7-m/nofp/libc_nano.a(lib_a-init.o)
__preinit_array_start                             /opt/arm-none-eabi/gcc-arm-none-eabi-9-2019-q4-major/bin/../lib/gcc/arm-none-eabi/9.2.1/../../../../arm-none-eabi/lib/thumb/v7-m/nofp/libc_nano.a(lib_a-init.o)
__register_frame_info                             /opt/arm-none-eabi/gcc-arm-none-eabi-9-2019-q4-major/bin/../lib/gcc/arm-none-eabi/9.2.1/thumb/v7-m/nofp/crtbegin.o
__sf_fake_stderr                                  /opt/arm-none-eabi/gcc-arm-none-eabi-9-2019-q4-major/bin/../lib/gcc/arm-none-eabi/9.2.1/../../../../arm-none-eabi/lib/thumb/v7-m/nofp/libc_nano.a(lib_a-impure.o)
__sf_fake_stdin                                   /opt/arm-none-eabi/gcc-arm-none-eabi-9-2019-q4-major/bin/../lib/gcc/arm-none-eabi/9.2.1/../../../../arm-none-eabi/lib/thumb/v7-m/nofp/libc_nano.a(lib_a-impure.o)
__sf_fake_stdout                                  /opt/arm-none-eabi/gcc-arm-none-eabi-9-2019-q4-major/bin/../lib/gcc/arm-none-eabi/9.2.1/../../../../arm-none-eabi/lib/thumb/v7-m/nofp/libc_nano.a(lib_a-impure.o)
__stack                                           /opt/arm-none-eabi/gcc-arm-none-eabi-9-2019-q4-major/bin/../lib/gcc/arm-none-eabi/9.2.1/../../../../arm-none-eabi/lib/thumb/v7-m/nofp/crt0.o
_ebss                                             build/startup_stm32f103xb.o
_edata                                            build/startup_stm32f103xb.o
_estack                                           build/startup_stm32f103xb.o
_exit                                             /opt/arm-none-eabi/gcc-arm-none-eabi-9-2019-q4-major/bin/../lib/gcc/arm-none-eabi/9.2.1/../../../../arm-none-eabi/lib/thumb/v7-m/nofp/libnosys.a(_exit.o)
                                                  /opt/arm-none-eabi/gcc-arm-none-eabi-9-2019-q4-major/bin/../lib/gcc/arm-none-eabi/9.2.1/../../../../arm-none-eabi/lib/thumb/v7-m/nofp/libc_nano.a(lib_a-exit.o)
_fini                                             /opt/arm-none-eabi/gcc-arm-none-eabi-9-2019-q4-major/bin/../lib/gcc/arm-none-eabi/9.2.1/thumb/v7-m/nofp/crti.o
_global_impure_ptr                                /opt/arm-none-eabi/gcc-arm-none-eabi-9-2019-q4-major/bin/../lib/gcc/arm-none-eabi/9.2.1/../../../../arm-none-eabi/lib/thumb/v7-m/nofp/libc_nano.a(lib_a-impure.o)
                                                  /opt/arm-none-eabi/gcc-arm-none-eabi-9-2019-q4-major/bin/../lib/gcc/arm-none-eabi/9.2.1/../../../../arm-none-eabi/lib/thumb/v7-m/nofp/libc_nano.a(lib_a-exit.o)
_impure_ptr                                       /opt/arm-none-eabi/gcc-arm-none-eabi-9-2019-q4-major/bin/../lib/gcc/arm-none-eabi/9.2.1/../../../../arm-none-eabi/lib/thumb/v7-m/nofp/libc_nano.a(lib_a-impure.o)
_init                                             /opt/arm-none-eabi/gcc-arm-none-eabi-9-2019-q4-major/bin/../lib/gcc/arm-none-eabi/9.2.1/thumb/v7-m/nofp/crti.o
                                                  /opt/arm-none-eabi/gcc-arm-none-eabi-9-2019-q4-major/bin/../lib/gcc/arm-none-eabi/9.2.1/../../../../arm-none-eabi/lib/thumb/v7-m/nofp/libc_nano.a(lib_a-init.o)
_mainCRTStartup                                   /opt/arm-none-eabi/gcc-arm-none-eabi-9-2019-q4-major/bin/../lib/gcc/arm-none-eabi/9.2.1/../../../../arm-none-eabi/lib/thumb/v7-m/nofp/crt0.o
_sbss                                             build/startup_stm32f103xb.o
_sdata                                            build/startup_stm32f103xb.o
_sidata                                           build/startup_stm32f103xb.o
_start                                            /opt/arm-none-eabi/gcc-arm-none-eabi-9-2019-q4-major/bin/../lib/gcc/arm-none-eabi/9.2.1/../../../../arm-none-eabi/lib/thumb/v7-m/nofp/crt0.o
atexit                                            /opt/arm-none-eabi/gcc-arm-none-eabi-9-2019-q4-major/bin/../lib/gcc/arm-none-eabi/9.2.1/../../../../arm-none-eabi/lib/thumb/v7-m/nofp/crt0.o
defaultTaskHandle                                 build/main.o
exit                                              /opt/arm-none-eabi/gcc-arm-none-eabi-9-2019-q4-major/bin/../lib/gcc/arm-none-eabi/9.2.1/../../../../arm-none-eabi/lib/thumb/v7-m/nofp/libc_nano.a(lib_a-exit.o)
                                                  /opt/arm-none-eabi/gcc-arm-none-eabi-9-2019-q4-major/bin/../lib/gcc/arm-none-eabi/9.2.1/../../../../arm-none-eabi/lib/thumb/v7-m/nofp/crt0.o
g_pfnVectors                                      build/startup_stm32f103xb.o
hardware_init_hook                                /opt/arm-none-eabi/gcc-arm-none-eabi-9-2019-q4-major/bin/../lib/gcc/arm-none-eabi/9.2.1/../../../../arm-none-eabi/lib/thumb/v7-m/nofp/crt0.o
main                                              build/main.o
                                                  build/startup_stm32f103xb.o
                                                  /opt/arm-none-eabi/gcc-arm-none-eabi-9-2019-q4-major/bin/../lib/gcc/arm-none-eabi/9.2.1/../../../../arm-none-eabi/lib/thumb/v7-m/nofp/crt0.o
memcpy                                            /opt/arm-none-eabi/gcc-arm-none-eabi-9-2019-q4-major/bin/../lib/gcc/arm-none-eabi/9.2.1/../../../../arm-none-eabi/lib/thumb/v7-m/nofp/libc_nano.a(lib_a-memcpy-stub.o)
                                                  build/stream_buffer.o
                                                  build/queue.o
memset                                            /opt/arm-none-eabi/gcc-arm-none-eabi-9-2019-q4-major/bin/../lib/gcc/arm-none-eabi/9.2.1/../../../../arm-none-eabi/lib/thumb/v7-m/nofp/libc_nano.a(lib_a-memset.o)
                                                  build/stream_buffer.o
                                                  /opt/arm-none-eabi/gcc-arm-none-eabi-9-2019-q4-major/bin/../lib/gcc/arm-none-eabi/9.2.1/../../../../arm-none-eabi/lib/thumb/v7-m/nofp/crt0.o
osAbortDelay                                      build/cmsis_os.o
osDelay                                           build/cmsis_os.o
                                                  build/main.o
osDelayUntil                                      build/cmsis_os.o
osKernelRunning                                   build/cmsis_os.o
osKernelStart                                     build/cmsis_os.o
                                                  build/main.o
osKernelSysTick                                   build/cmsis_os.o
osMailAlloc                                       build/cmsis_os.o
osMailCAlloc                                      build/cmsis_os.o
osMailCreate                                      build/cmsis_os.o
osMailFree                                        build/cmsis_os.o
osMailGet                                         build/cmsis_os.o
osMailPut                                         build/cmsis_os.o
osMessageAvailableSpace                           build/cmsis_os.o
osMessageCreate                                   build/cmsis_os.o
osMessageDelete                                   build/cmsis_os.o
osMessageGet                                      build/cmsis_os.o
osMessagePeek                                     build/cmsis_os.o
osMessagePut                                      build/cmsis_os.o
osMessageWaiting                                  build/cmsis_os.o
osMutexCreate                                     build/cmsis_os.o
osMutexDelete                                     build/cmsis_os.o
osMutexRelease                                    build/cmsis_os.o
osMutexWait                                       build/cmsis_os.o
osPoolAlloc                                       build/cmsis_os.o
osPoolCAlloc                                      build/cmsis_os.o
osPoolCreate                                      build/cmsis_os.o
osPoolFree                                        build/cmsis_os.o
osRecursiveMutexCreate                            build/cmsis_os.o
osRecursiveMutexRelease                           build/cmsis_os.o
osRecursiveMutexWait                              build/cmsis_os.o
osSemaphoreCreate                                 build/cmsis_os.o
osSemaphoreDelete                                 build/cmsis_os.o
osSemaphoreGetCount                               build/cmsis_os.o
osSemaphoreRelease                                build/cmsis_os.o
osSemaphoreWait                                   build/cmsis_os.o
osSignalSet                                       build/cmsis_os.o
osSignalWait                                      build/cmsis_os.o
osSystickHandler                                  build/cmsis_os.o
osThreadCreate                                    build/cmsis_os.o
                                                  build/main.o
osThreadGetId                                     build/cmsis_os.o
osThreadGetPriority                               build/cmsis_os.o
osThreadList                                      build/cmsis_os.o
osThreadResume                                    build/cmsis_os.o
osThreadResumeAll                                 build/cmsis_os.o
osThreadSetPriority                               build/cmsis_os.o
osThreadSuspend                                   build/cmsis_os.o
osThreadSuspendAll                                build/cmsis_os.o
osThreadTerminate                                 build/cmsis_os.o
osThreadYield                                     build/cmsis_os.o
osTimerCreate                                     build/cmsis_os.o
osTimerDelete                                     build/cmsis_os.o
osTimerStart                                      build/cmsis_os.o
osTimerStop                                       build/cmsis_os.o
pFlash                                            build/stm32f1xx_hal_flash.o
                                                  build/stm32f1xx_hal_flash_ex.o
pcQueueGetName                                    build/queue.o
pcTaskGetName                                     build/tasks.o
pvPortMalloc                                      build/heap_4.o
                                                  build/cmsis_os.o
                                                  build/tasks.o
                                                  build/stream_buffer.o
                                                  build/queue.o
                                                  build/event_groups.o
pvTaskIncrementMutexHeldCount                     build/tasks.o
                                                  build/queue.o
pxCurrentTCB                                      build/tasks.o
                                                  build/port.o
pxPortInitialiseStack                             build/port.o
                                                  build/tasks.o
software_init_hook                                /opt/arm-none-eabi/gcc-arm-none-eabi-9-2019-q4-major/bin/../lib/gcc/arm-none-eabi/9.2.1/../../../../arm-none-eabi/lib/thumb/v7-m/nofp/crt0.o
ulTaskNotifyTake                                  build/tasks.o
uwTick                                            build/stm32f1xx_hal.o
uwTickFreq                                        build/stm32f1xx_hal.o
uwTickPrio                                        build/stm32f1xx_hal.o
                                                  build/stm32f1xx_hal_rcc.o
uxListRemove                                      build/list.o
                                                  build/tasks.o
uxQueueMessagesWaiting                            build/queue.o
                                                  build/cmsis_os.o
uxQueueMessagesWaitingFromISR                     build/queue.o
                                                  build/cmsis_os.o
uxQueueSpacesAvailable                            build/queue.o
                                                  build/cmsis_os.o
uxTaskGetNumberOfTasks                            build/tasks.o
uxTaskPriorityGet                                 build/tasks.o
                                                  build/cmsis_os.o
uxTaskPriorityGetFromISR                          build/tasks.o
                                                  build/cmsis_os.o
uxTaskResetEventItemValue                         build/tasks.o
                                                  build/event_groups.o
vApplicationGetIdleTaskMemory                     build/freertos.o
                                                  build/tasks.o
vEventGroupClearBitsCallback                      build/event_groups.o
vEventGroupDelete                                 build/event_groups.o
vEventGroupSetBitsCallback                        build/event_groups.o
vListInitialise                                   build/list.o
                                                  build/tasks.o
                                                  build/queue.o
                                                  build/event_groups.o
vListInitialiseItem                               build/list.o
                                                  build/tasks.o
vListInsert                                       build/list.o
                                                  build/tasks.o
vListInsertEnd                                    build/list.o
                                                  build/tasks.o
vPortEndScheduler                                 build/port.o
                                                  build/tasks.o
vPortEnterCritical                                build/port.o
                                                  build/cmsis_os.o
                                                  build/tasks.o
                                                  build/stream_buffer.o
                                                  build/queue.o
                                                  build/event_groups.o
vPortExitCritical                                 build/port.o
                                                  build/cmsis_os.o
                                                  build/tasks.o
                                                  build/stream_buffer.o
                                                  build/queue.o
                                                  build/event_groups.o
vPortFree                                         build/heap_4.o
                                                  build/cmsis_os.o
                                                  build/tasks.o
                                                  build/stream_buffer.o
                                                  build/queue.o
                                                  build/event_groups.o
vPortInitialiseBlocks                             build/heap_4.o
vPortSetupTimerInterrupt                          build/port.o
vPortValidateInterruptPriority                    build/port.o
                                                  build/tasks.o
                                                  build/queue.o
vQueueAddToRegistry                               build/queue.o
vQueueDelete                                      build/queue.o
                                                  build/cmsis_os.o
vQueueUnregisterQueue                             build/queue.o
vStreamBufferDelete                               build/stream_buffer.o
vTaskDelay                                        build/tasks.o
                                                  build/cmsis_os.o
vTaskDelete                                       build/tasks.o
                                                  build/cmsis_os.o
vTaskEndScheduler                                 build/tasks.o
vTaskInternalSetTimeOutState                      build/tasks.o
                                                  build/queue.o
vTaskMissedYield                                  build/tasks.o
                                                  build/queue.o
vTaskNotifyGiveFromISR                            build/tasks.o
vTaskPlaceOnEventList                             build/tasks.o
                                                  build/queue.o
vTaskPlaceOnUnorderedEventList                    build/tasks.o
                                                  build/event_groups.o
vTaskPriorityDisinheritAfterTimeout               build/tasks.o
                                                  build/queue.o
vTaskPrioritySet                                  build/tasks.o
                                                  build/cmsis_os.o
vTaskRemoveFromUnorderedEventList                 build/tasks.o
                                                  build/event_groups.o
vTaskResume                                       build/tasks.o
                                                  build/cmsis_os.o
vTaskSetTimeOutState                              build/tasks.o
                                                  build/stream_buffer.o
vTaskStartScheduler                               build/tasks.o
                                                  build/cmsis_os.o
vTaskSuspend                                      build/tasks.o
                                                  build/cmsis_os.o
vTaskSuspendAll                                   build/tasks.o
                                                  build/heap_4.o
                                                  build/cmsis_os.o
                                                  build/stream_buffer.o
                                                  build/queue.o
                                                  build/event_groups.o
vTaskSwitchContext                                build/tasks.o
                                                  build/port.o
xEventGroupClearBits                              build/event_groups.o
xEventGroupCreate                                 build/event_groups.o
xEventGroupCreateStatic                           build/event_groups.o
xEventGroupGetBitsFromISR                         build/event_groups.o
xEventGroupSetBits                                build/event_groups.o
xEventGroupSync                                   build/event_groups.o
xEventGroupWaitBits                               build/event_groups.o
xPortGetFreeHeapSize                              build/heap_4.o
xPortGetMinimumEverFreeHeapSize                   build/heap_4.o
xPortStartScheduler                               build/port.o
                                                  build/tasks.o
xPortSysTickHandler                               build/port.o
                                                  build/cmsis_os.o
                                                  build/stm32f1xx_it.o
xQueueCreateMutex                                 build/queue.o
                                                  build/cmsis_os.o
xQueueCreateMutexStatic                           build/queue.o
                                                  build/cmsis_os.o
xQueueGenericCreate                               build/queue.o
                                                  build/cmsis_os.o
xQueueGenericCreateStatic                         build/queue.o
                                                  build/cmsis_os.o
xQueueGenericReset                                build/queue.o
xQueueGenericSend                                 build/queue.o
                                                  build/cmsis_os.o
xQueueGenericSendFromISR                          build/queue.o
                                                  build/cmsis_os.o
xQueueGiveFromISR                                 build/queue.o
                                                  build/cmsis_os.o
xQueueIsQueueEmptyFromISR                         build/queue.o
xQueueIsQueueFullFromISR                          build/queue.o
xQueuePeek                                        build/queue.o
                                                  build/cmsis_os.o
xQueuePeekFromISR                                 build/queue.o
xQueueReceive                                     build/queue.o
                                                  build/cmsis_os.o
xQueueReceiveFromISR                              build/queue.o
                                                  build/cmsis_os.o
xQueueRegistry                                    build/queue.o
xQueueSemaphoreTake                               build/queue.o
                                                  build/cmsis_os.o
xStreamBufferBytesAvailable                       build/stream_buffer.o
xStreamBufferGenericCreate                        build/stream_buffer.o
xStreamBufferGenericCreateStatic                  build/stream_buffer.o
xStreamBufferIsEmpty                              build/stream_buffer.o
xStreamBufferIsFull                               build/stream_buffer.o
xStreamBufferReceive                              build/stream_buffer.o
xStreamBufferReceiveCompletedFromISR              build/stream_buffer.o
xStreamBufferReceiveFromISR                       build/stream_buffer.o
xStreamBufferReset                                build/stream_buffer.o
xStreamBufferSend                                 build/stream_buffer.o
xStreamBufferSendCompletedFromISR                 build/stream_buffer.o
xStreamBufferSendFromISR                          build/stream_buffer.o
xStreamBufferSetTriggerLevel                      build/stream_buffer.o
xStreamBufferSpacesAvailable                      build/stream_buffer.o
xTaskCheckForTimeOut                              build/tasks.o
                                                  build/stream_buffer.o
                                                  build/queue.o
xTaskCreate                                       build/tasks.o
                                                  build/cmsis_os.o
xTaskCreateStatic                                 build/tasks.o
                                                  build/cmsis_os.o
xTaskGenericNotify                                build/tasks.o
                                                  build/cmsis_os.o
                                                  build/stream_buffer.o
xTaskGenericNotifyFromISR                         build/tasks.o
                                                  build/cmsis_os.o
                                                  build/stream_buffer.o
xTaskGetCurrentTaskHandle                         build/tasks.o
                                                  build/cmsis_os.o
                                                  build/stream_buffer.o
xTaskGetSchedulerState                            build/tasks.o
                                                  build/cmsis_os.o
                                                  build/queue.o
                                                  build/event_groups.o
                                                  build/stm32f1xx_it.o
xTaskGetTickCount                                 build/tasks.o
                                                  build/cmsis_os.o
xTaskGetTickCountFromISR                          build/tasks.o
                                                  build/cmsis_os.o
xTaskIncrementTick                                build/tasks.o
                                                  build/port.o
xTaskNotifyStateClear                             build/tasks.o
                                                  build/stream_buffer.o
xTaskNotifyWait                                   build/tasks.o
                                                  build/cmsis_os.o
                                                  build/stream_buffer.o
xTaskPriorityDisinherit                           build/tasks.o
                                                  build/queue.o
xTaskPriorityInherit                              build/tasks.o
                                                  build/queue.o
xTaskRemoveFromEventList                          build/tasks.o
                                                  build/queue.o
xTaskResumeAll                                    build/tasks.o
                                                  build/heap_4.o
                                                  build/cmsis_os.o
                                                  build/stream_buffer.o
                                                  build/queue.o
                                                  build/event_groups.o
xTaskResumeFromISR                                build/tasks.o
                                                  build/cmsis_os.o
